
> commons-guild-protocol@0.0.1 test
> vitest run packages/tests/src/relay.test.ts


[7m[1m[36m RUN [39m[22m[27m [36mv1.6.1[39m [90mC:/Users/ECHO/Documents/GitHub/Commons-Guild-Protocol[39m

[90mstdout[2m | packages/tests/src/relay.test.ts[2m > [22m[2mCGP relay basic messaging[22m[39m
Relay listening on port 7448

[90mstdout[2m | packages/tests/src/relay.test.ts[2m > [22m[2mCGP relay basic messaging[2m > [22m[2msends a message between two peers[22m[39m
Client Signing:
Author: 0300c276463a13e93de322068036b3c1545e15ec963a7a5bdb9f82ba513a44b25a
Hash: b026c358ff71f50edf5da44e4055c7f857bdc388b16c7ff863b725090fa46b74
Signature: b4184a2f9419bb4a9028fb5264adaf92d2eb73b8d805176fe8b9e1db1bb829a712877f1a2e19aea956e07bda5d708c751cccc410eead6563b527707c92aa73d4
Unsigned: {"body":{"type":"GUILD_CREATE","name":"Test Guild","timestamp":1763700002476,"guildId":"3a44b622b41d2dbb2d4e12f5b055b084eaf7f2efded6378558e11d50729ddecd"},"author":"0300c276463a13e93de322068036b3c1545e15ec963a7a5bdb9f82ba513a44b25a","createdAt":1763700002477}

[90mstdout[2m | packages/tests/src/relay.test.ts[2m > [22m[2mCGP relay basic messaging[2m > [22m[2msends a message between two peers[22m[39m
<empty line>
node.exe : [90mstderr[2m | packages/tests/src/relay.test.ts[2m > [22m[2mCGP relay basic messaging[2m > [22m[2msends a message between two peers[22m[39m
At C:\nvm4w\nodejs\npm.ps1:29 char:3
+   & $NODE_EXE $NPM_CLI_JS $args
+   ~~~~~~~~~~~~~~~~~~~~~~~~~~~~~
    + CategoryInfo          : NotSpecified: ([90mstderr[2m...peers[22m[39m:String) [], RemoteException
    + FullyQualifiedErrorId : NativeCommandError
 
Client: Invalid signature for event 

[90mstderr[2m | packages/tests/src/relay.test.ts[2m > [22m[2mCGP relay basic messaging[2m > [22m[2msends a message between two peers[22m[39m
<empty line>
[90mstdout[2m | packages/tests/src/relay.test.ts[2m > [22m[2mCGP relay basic messaging[2m > [22m[2msends a message between two peers[22m[39m
Client Signing:
Author: 0300c276463a13e93de322068036b3c1545e15ec963a7a5bdb9f82ba513a44b25a
Hash: a08cf2b95171e62a5ffe877d8448b893b5cabc1b177e9874802dfd7252de1c30
Signature: e45ffea7e4ab38866c44c72b5e80a1c668eb1e7c9c4cb006642ad2e540413bf46c9e4a05a12bb21443397650efc875a93b10cf819939fb03c642816f4b4d4334
Unsigned: {"body":{"type":"CHANNEL_CREATE","guildId":"3a44b622b41d2dbb2d4e12f5b055b084eaf7f2efded6378558e11d50729ddecd","channelId":"general","name":"general","kind":"text"},"author":"0300c276463a13e93de322068036b3c1545e15ec963a7a5bdb9f82ba513a44b25a","createdAt":1763700002585}

[90mstdout[2m | packages/tests/src/relay.test.ts[2m > [22m[2mCGP relay basic messaging[2m > [22m[2msends a message between two peers[22m[39m
<empty line>
[90mstderr[2m | packages/tests/src/relay.test.ts[2m > [22m[2mCGP relay basic messaging[2m > [22m[2msends a message between two peers[22m[39m
Client: Invalid signature for event 

[90mstderr[2m | packages/tests/src/relay.test.ts[2m > [22m[2mCGP relay basic messaging[2m > [22m[2msends a message between two peers[22m[39m
<empty line>
[90mstdout[2m | packages/tests/src/relay.test.ts[2m > [22m[2mCGP relay basic messaging[2m > [22m[2msends a message between two peers[22m[39m
Client Signing:
Author: 0300c276463a13e93de322068036b3c1545e15ec963a7a5bdb9f82ba513a44b25a
Hash: 21c2076b645d5644c4a2c211eeeff636399d2cd677e8b721319b3e5b64ad46a6
Signature: 4c9e1254ea70443e88269ecacbf432945ca24ce1189a9614c24817f69796f07a6c584c26bf60ca03799546fc5434060d1074853f9ec6804eef05617ec7f7c4c2
Unsigned: {"body":{"type":"MESSAGE","guildId":"3a44b622b41d2dbb2d4e12f5b055b084eaf7f2efded6378558e11d50729ddecd","channelId":"general","content":"hello from alice"},"author":"0300c276463a13e93de322068036b3c1545e15ec963a7a5bdb9f82ba513a44b25a","createdAt":1763700002801}

[90mstdout[2m | packages/tests/src/relay.test.ts[2m > [22m[2mCGP relay basic messaging[2m > [22m[2msends a message between two peers[22m[39m
<empty line>
[90mstderr[2m | packages/tests/src/relay.test.ts[2m > [22m[2mCGP relay basic messaging[2m > [22m[2msends a message between two peers[22m[39m
Client: Invalid signature for event 

[90mstdout[2m | packages/tests/src/relay.test.ts[2m > [22m[2mCGP relay basic messaging[2m > [22m[2msupports high-level API (channels, roles, bans)[22m[39m
Client Signing:
Author: 023a692aaadff9a15d548281155337041d1b4c427dc1202364a44f84ed1c6ea05d
Hash: 873ca5c8278c1ebd83eeb2b35cecb36b0d068adf3501f1e0215d7b6092f30c6f
Signature: 33b54c27043357b4aa74f9f209953c2b3c8fa2bb55c78913c373f9dcf697323750429c448c2ea51333f4fe0cb9fcc1be9817ccbc6409738d2d1d7eeabf37f0ac
Unsigned: {"body":{"type":"GUILD_CREATE","name":"API Test Guild","timestamp":1763700003824,"guildId":"e19870839c7d3853af565915c51bd4719a3e2a719f6f07039d30d2971628ff6c"},"author":"023a692aaadff9a15d548281155337041d1b4c427dc1202364a44f84ed1c6ea05d","createdAt":1763700003824}

[90mstdout[2m | packages/tests/src/relay.test.ts[2m > [22m[2mCGP relay basic messaging[2m > [22m[2msupports high-level API (channels, roles, bans)[22m[39m
Client Signing:
Author: 023a692aaadff9a15d548281155337041d1b4c427dc1202364a44f84ed1c6ea05d
Hash: 119875fc0b37a21c0718702b3abbf95d76e02e4fa36267da155730a10230a993
Signature: c7c496acd2774efaeec2e9598db334a53152f21a3e0399edc9d13887457efaf1448b3648021f0d46894d9dfd7e10bf9128ef4b82f80674f471c460ae22b0c11d
Unsigned: {"body":{"type":"CHANNEL_CREATE","guildId":"e19870839c7d3853af565915c51bd4719a3e2a719f6f07039d30d2971628ff6c","channelId":"a7bf7b602e51e6c4d97f886548929903e61d6cba2b4f9fc2dea1df6a175a07d7","name":"general","kind":"text"},"author":"023a692aaadff9a15d548281155337041d1b4c427dc1202364a44f84ed1c6ea05d","createdAt":1763700003827}

[90mstdout[2m | packages/tests/src/relay.test.ts[2m > [22m[2mCGP relay basic messaging[2m > [22m[2msupports high-level API (channels, roles, bans)[22m[39m
Client Signing:
Author: 023a692aaadff9a15d548281155337041d1b4c427dc1202364a44f84ed1c6ea05d
Hash: 71b4830ad7d828348c1cf6b7aedcac4d1f7adc7cfe56aff4444863cf942face3
Signature: 74aa6c91e67080c2894c12c5373d891d616ff9195e058438d7980f24b273c53521d8f0f062f76c4f00f09c449b10ac473fc1ac6ff2eec7292fbd7be0017b24d1
Unsigned: {"body":{"type":"MESSAGE","guildId":"e19870839c7d3853af565915c51bd4719a3e2a719f6f07039d30d2971628ff6c","channelId":"a7bf7b602e51e6c4d97f886548929903e61d6cba2b4f9fc2dea1df6a175a07d7","messageId":"3932fdb16a5fd5732900e1ff413ed67b90954daea6523b0ac1f2323eeddbe7cb","content":"Hello API"},"author":"023a692aaadff9a15d548281155337041d1b4c427dc1202364a44f84ed1c6ea05d","createdAt":1763700003831}

[90mstdout[2m | packages/tests/src/relay.test.ts[2m > [22m[2mCGP relay basic messaging[2m > [22m[2msupports high-level API (channels, roles, bans)[22m[39m
Client Signing:
Author: 023a692aaadff9a15d548281155337041d1b4c427dc1202364a44f84ed1c6ea05d
Hash: 2a5fea0b0e9ea7035a316635c5a82be6012bd2bb86d5078aa3e00bf8219ffcea
Signature: 985758612fb0de67dcc1f96d71d7fb4ae1ba059cf916e970ed120237129c675c6fac13f5ed8a71fc31b3a90879333fade2525e54211376bc220c406f244361cf
Unsigned: {"body":{"type":"ROLE_ASSIGN","guildId":"e19870839c7d3853af565915c51bd4719a3e2a719f6f07039d30d2971628ff6c","userId":"some_user","roleId":"admin"},"author":"023a692aaadff9a15d548281155337041d1b4c427dc1202364a44f84ed1c6ea05d","createdAt":1763700003835}

[90mstdout[2m | packages/tests/src/relay.test.ts[2m > [22m[2mCGP relay basic messaging[2m > [22m[2msupports high-level API (channels, roles, bans)[22m[39m
Client Signing:
Author: 023a692aaadff9a15d548281155337041d1b4c427dc1202364a44f84ed1c6ea05d
Hash: dffe527ab627151b7647aa689d82ec69bc693c13a81a6b05f378302b5f218786
Signature: 4addee77d84474db1fa3d1e28866060bbbe044f8ee4a0c31f293df69ed2152087388f95ec896baa315815ec48e5fca513143b76a2634d75231b2e84b3857dc0f
Unsigned: {"body":{"type":"BAN_USER","guildId":"e19870839c7d3853af565915c51bd4719a3e2a719f6f07039d30d2971628ff6c","userId":"bad_user","reason":"spam"},"author":"023a692aaadff9a15d548281155337041d1b4c427dc1202364a44f84ed1c6ea05d","createdAt":1763700003837}

[90mstdout[2m | packages/tests/src/relay.test.ts[2m > [22m[2mCGP relay basic messaging[2m > [22m[2menforces validation rules[22m[39m
Client Signing:
Author: 034b55e68a4eaa990804100e066b783b9f1b8a7c39e987d8342e8d1f057fc4ccc2
Hash: 5bd035845afe7c0608e13d0cc08c19c94ce6b5444c6beda560946896bc39f3f8
Signature: b376f39d656e136de658dfe4f853740656d7ebd30522d01500bec4a4a4f19e2c1caea50df694300e6852547974d33646f126c197bf5d8d5379ceaff933612114
Unsigned: {"body":{"type":"GUILD_CREATE","name":"Validation Guild","timestamp":1763700004052,"guildId":"6a8e2347735269cf791f598c846820da655532d0b3ed6f8f45f0190174a955a0"},"author":"034b55e68a4eaa990804100e066b783b9f1b8a7c39e987d8342e8d1f057fc4ccc2","createdAt":1763700004052}

[90mstdout[2m | packages/tests/src/relay.test.ts[2m > [22m[2mCGP relay basic messaging[2m > [22m[2menforces validation rules[22m[39m
<empty line>
[90mstderr[2m | packages/tests/src/relay.test.ts[2m > [22m[2mCGP relay basic messaging[2m > [22m[2menforces validation rules[22m[39m
Client: Invalid signature for event 

[90mstderr[2m | packages/tests/src/relay.test.ts[2m > [22m[2mCGP relay basic messaging[2m > [22m[2menforces validation rules[22m[39m
<empty line>
[90mstdout[2m | packages/tests/src/relay.test.ts[2m > [22m[2mCGP relay basic messaging[2m > [22m[2menforces validation rules[22m[39m
Client Signing:
Author: 033e1228748bb044b1ef7e539e86b430ea3c77524ea7c4c3cd80e8a9f3a73fa37f
Hash: cde4c47b13ec127c2f581982c275f21b3f375c21c843c4714fb8065c45a67c5c
Signature: 6cd8e74848f48049bc06031cae3011e18290b2199745d116870554803a24bf1f299a9286a70b9c65dedb4e8b203f3de1dd1f3a85d1ce0ba6b321dcad06affdf4
Unsigned: {"body":{"type":"CHANNEL_CREATE","guildId":"6a8e2347735269cf791f598c846820da655532d0b3ed6f8f45f0190174a955a0","channelId":"bob_chan","name":"Bob Channel","kind":"text"},"author":"033e1228748bb044b1ef7e539e86b430ea3c77524ea7c4c3cd80e8a9f3a73fa37f","createdAt":1763700004155}

[90mstdout[2m | packages/tests/src/relay.test.ts[2m > [22m[2mCGP relay basic messaging[2m > [22m[2menforces validation rules[22m[39m
<empty line>
[90mstderr[2m | packages/tests/src/relay.test.ts[2m > [22m[2mCGP relay basic messaging[2m > [22m[2menforces validation rules[22m[39m
Validation failed for guild 6a8e2347735269cf791f598c846820da655532d0b3ed6f8f45f0190174a955a0: User 033e1228748bb044b1ef7e539e86b430ea3c77524ea7c4c3cd80e8a9f3a73fa37f does not have 
permission for CHANNEL_CREATE

[90mstdout[2m | packages/tests/src/relay.test.ts[2m > [22m[2mCGP relay basic messaging[2m > [22m[2menforces validation rules[22m[39m
Client Signing:
Author: 034b55e68a4eaa990804100e066b783b9f1b8a7c39e987d8342e8d1f057fc4ccc2
[90mstderr[2m | packages/tests/src/relay.test.ts[2m > [22m[2mCGP relay basic messaging[2m > [22m[2menforces validation rules[22m[39m
<empty line>
Hash: 653ab50951e780d95681fd0835edf59581578401754d8ac913a97f12ebf63f16
Signature: bcbe893fc1d35ded1244625c38cad3c3bdacf5d48f7ad416907c47431bfb4ce06a00caa649295ba9715a57eff6b9d020da392f35a50001c2b69653d6747d8596
Unsigned: {"body":{"type":"CHANNEL_CREATE","guildId":"6a8e2347735269cf791f598c846820da655532d0b3ed6f8f45f0190174a955a0","channelId":"a8aa684cac552af695139a14a20f8feabfeb01622a1a9cf8ea7243fff7aab468","name":"general","kind":"text"},"author":"034b55e68a4eaa990804100e066b783b9f1b8a7c39e987d8342e8d1f057fc4ccc2","createdAt":1763700004358}

[90mstdout[2m | packages/tests/src/relay.test.ts[2m > [22m[2mCGP relay basic messaging[2m > [22m[2menforces validation rules[22m[39m
<empty line>
[90mstderr[2m | packages/tests/src/relay.test.ts[2m > [22m[2mCGP relay basic messaging[2m > [22m[2menforces validation rules[22m[39m
Client: Invalid signature for event 

 [33mΓ¥»[39m packages/tests/src/relay.test.ts [2m ([22m[2m3 tests[22m [2m|[22m [31m2 failed[39m[2m)[22m[33m 2328[2mms[22m[39m
[31m   [33mΓ¥»[31m packages/tests/src/relay.test.ts[2m > [22mCGP relay basic messaging[2m > [22msends a message between two peers[39m
[31m     ΓåÆ expected [] to include 'hello from alice'[39m
[31m   [33mΓ¥»[31m packages/tests/src/relay.test.ts[2m > [22mCGP relay basic messaging[2m > [22menforces validation rules[39m
[31m     ΓåÆ expected false to be true // Object.is equality[39m

[31mΓÄ»ΓÄ»ΓÄ»ΓÄ»ΓÄ»ΓÄ»ΓÄ»[1m[7m Failed Tests 2 [27m[22mΓÄ»ΓÄ»ΓÄ»ΓÄ»ΓÄ»ΓÄ»ΓÄ»[39m

[31m[1m[7m FAIL [27m[22m[39m packages/tests/src/relay.test.ts[2m > [22mCGP relay basic messaging[2m > [22msends a message between two peers
[31m[1mAssertionError[22m: expected [] to include 'hello from alice'[39m
[36m [2mΓ¥»[22m packages/tests/src/relay.test.ts:[2m76:26[22m[39m
    [90m 74| [39m        [35mawait[39m [35mnew[39m [33mPromise[39m((res) [33m=>[39m [34msetTimeout[39m(res[33m,[39m [34m1000[39m))[33m;[39m
    [90m 75| [39m
    [90m 76| [39m        [34mexpect[39m(messages)[33m.[39m[34mtoContain[39m([32m"hello from alice"[39m)[33m;[39m
    [90m   | [39m                         [31m^[39m
    [90m 77| [39m    })[33m;[39m
    [90m 78| [39m

[31m[2mΓÄ»ΓÄ»ΓÄ»ΓÄ»ΓÄ»ΓÄ»ΓÄ»ΓÄ»ΓÄ»ΓÄ»ΓÄ»ΓÄ»ΓÄ»ΓÄ»ΓÄ»ΓÄ»ΓÄ»ΓÄ»ΓÄ»ΓÄ»ΓÄ»ΓÄ»ΓÄ»ΓÄ»[1/2]ΓÄ»[22m[39m

[31m[1m[7m FAIL [27m[22m[39m packages/tests/src/relay.test.ts[2m > [22mCGP relay basic messaging[2m > [22menforces validation rules
[31m[1mAssertionError[22m: expected false to be true // Object.is equality[39m

[32m- Expected[39m
[31m+ Received[39m

[32m- true[39m
[31m+ false[39m

[36m [2mΓ¥»[22m packages/tests/src/relay.test.ts:[2m139:66[22m[39m
    [90m137| [39m        [35mconst[39m chanId [33m=[39m [35mawait[39m alice[33m.[39m[34mcreateChannel[39m(guildId[33m,[39m [32m"general"[39m[33m,[39m 
[32m"[39mΓÇª
    [90m138| [39m        [35mawait[39m [35mnew[39m [33mPromise[39m(r [33m=>[39m [34msetTimeout[39m(r[33m,[39m [34m200[39m))[33m;[39m
    [90m139| [39m        [34mexpect[39m(receivedEvents[33m.[39m[34msome[39m(e [33m=>[39m e[33m.[39mchannelId [33m===[39m chanId))[33m.[39m[34mtoBe[39m(ΓÇª
    [90m   | [39m                                                                 [31m^[39m
    [90m140| [39m
    [90m141| [39m        [90m// 3. Alice bans Bob[39m

[31m[2mΓÄ»ΓÄ»ΓÄ»ΓÄ»ΓÄ»ΓÄ»ΓÄ»ΓÄ»ΓÄ»ΓÄ»ΓÄ»ΓÄ»ΓÄ»ΓÄ»ΓÄ»ΓÄ»ΓÄ»ΓÄ»ΓÄ»ΓÄ»ΓÄ»ΓÄ»ΓÄ»ΓÄ»[2/2]ΓÄ»[22m[39m

[2m Test Files [22m [1m[31m1 failed[39m[22m[90m (1)[39m
[2m      Tests [22m [1m[31m2 failed[39m[22m[2m | [22m[1m[32m1 passed[39m[22m[90m (3)[39m
[2m   Start at [22m 23:40:01
[2m   Duration [22m 3.06s[2m (transform 179ms, setup 0ms, collect 317ms, tests 2.33s, environment 0ms, prepare 183ms)[22m

